Archive member included to satisfy reference by file (symbol)

c:/program files (x86)/gnu tools arm embedded/5_4-2016q3/bin/../lib/gcc/arm-none-eabi/5.4.1/armv7e-m/fpu\libgcc.a(_arm_addsubdf3.o)
                              ..\obj\jWrite.o (__aeabi_dsub)
c:/program files (x86)/gnu tools arm embedded/5_4-2016q3/bin/../lib/gcc/arm-none-eabi/5.4.1/armv7e-m/fpu\libgcc.a(_arm_muldivdf3.o)
                              ..\obj\jWrite.o (__aeabi_dmul)
c:/program files (x86)/gnu tools arm embedded/5_4-2016q3/bin/../lib/gcc/arm-none-eabi/5.4.1/armv7e-m/fpu\libgcc.a(_arm_cmpdf2.o)
                              ..\obj\jWrite.o (__aeabi_dcmpeq)
c:/program files (x86)/gnu tools arm embedded/5_4-2016q3/bin/../lib/gcc/arm-none-eabi/5.4.1/armv7e-m/fpu\libgcc.a(_arm_fixdfsi.o)
                              ..\obj\jWrite.o (__aeabi_d2iz)
c:/program files (x86)/gnu tools arm embedded/5_4-2016q3/bin/../lib/gcc/arm-none-eabi/5.4.1/armv7e-m/fpu\libgcc.a(_arm_fixunsdfsi.o)
                              ..\obj\jWrite.o (__aeabi_d2uiz)
c:/program files (x86)/gnu tools arm embedded/5_4-2016q3/bin/../lib/gcc/arm-none-eabi/5.4.1/../../../../arm-none-eabi/lib/armv7e-m/fpu\libc.a(lib_a-exit.o)
                              c:/program files (x86)/gnu tools arm embedded/5_4-2016q3/bin/../lib/gcc/arm-none-eabi/5.4.1/../../../../arm-none-eabi/lib/armv7e-m/fpu/crt0.o (exit)
c:/program files (x86)/gnu tools arm embedded/5_4-2016q3/bin/../lib/gcc/arm-none-eabi/5.4.1/../../../../arm-none-eabi/lib/armv7e-m/fpu\libc.a(lib_a-impure.o)
                              c:/program files (x86)/gnu tools arm embedded/5_4-2016q3/bin/../lib/gcc/arm-none-eabi/5.4.1/../../../../arm-none-eabi/lib/armv7e-m/fpu\libc.a(lib_a-exit.o) (_global_impure_ptr)
c:/program files (x86)/gnu tools arm embedded/5_4-2016q3/bin/../lib/gcc/arm-none-eabi/5.4.1/../../../../arm-none-eabi/lib/armv7e-m/fpu\libc.a(lib_a-init.o)
                              c:/program files (x86)/gnu tools arm embedded/5_4-2016q3/bin/../lib/gcc/arm-none-eabi/5.4.1/../../../../arm-none-eabi/lib/armv7e-m/fpu/crt0.o (__libc_init_array)
c:/program files (x86)/gnu tools arm embedded/5_4-2016q3/bin/../lib/gcc/arm-none-eabi/5.4.1/../../../../arm-none-eabi/lib/armv7e-m/fpu\libc.a(lib_a-memset.o)
                              c:/program files (x86)/gnu tools arm embedded/5_4-2016q3/bin/../lib/gcc/arm-none-eabi/5.4.1/../../../../arm-none-eabi/lib/armv7e-m/fpu/crt0.o (memset)
c:/program files (x86)/gnu tools arm embedded/5_4-2016q3/bin/../lib/gcc/arm-none-eabi/5.4.1/../../../../arm-none-eabi/lib/armv7e-m/fpu\libc.a(lib_a-sprintf.o)
                              ..\obj\jWrite.o (sprintf)
c:/program files (x86)/gnu tools arm embedded/5_4-2016q3/bin/../lib/gcc/arm-none-eabi/5.4.1/../../../../arm-none-eabi/lib/armv7e-m/fpu\libc.a(lib_a-strspn.o)
                              ..\obj\main.o (strspn)
c:/program files (x86)/gnu tools arm embedded/5_4-2016q3/bin/../lib/gcc/arm-none-eabi/5.4.1/../../../../arm-none-eabi/lib/armv7e-m/fpu\libc.a(lib_a-svfprintf.o)
                              c:/program files (x86)/gnu tools arm embedded/5_4-2016q3/bin/../lib/gcc/arm-none-eabi/5.4.1/../../../../arm-none-eabi/lib/armv7e-m/fpu\libc.a(lib_a-sprintf.o) (_svfprintf_r)
c:/program files (x86)/gnu tools arm embedded/5_4-2016q3/bin/../lib/gcc/arm-none-eabi/5.4.1/../../../../arm-none-eabi/lib/armv7e-m/fpu\libc.a(lib_a-__call_atexit.o)
                              c:/program files (x86)/gnu tools arm embedded/5_4-2016q3/bin/../lib/gcc/arm-none-eabi/5.4.1/../../../../arm-none-eabi/lib/armv7e-m/fpu\libc.a(lib_a-exit.o) (__call_exitprocs)
c:/program files (x86)/gnu tools arm embedded/5_4-2016q3/bin/../lib/gcc/arm-none-eabi/5.4.1/../../../../arm-none-eabi/lib/armv7e-m/fpu\libc.a(lib_a-atexit.o)
                              c:/program files (x86)/gnu tools arm embedded/5_4-2016q3/bin/../lib/gcc/arm-none-eabi/5.4.1/../../../../arm-none-eabi/lib/armv7e-m/fpu\libc.a(lib_a-__call_atexit.o) (atexit)
c:/program files (x86)/gnu tools arm embedded/5_4-2016q3/bin/../lib/gcc/arm-none-eabi/5.4.1/../../../../arm-none-eabi/lib/armv7e-m/fpu\libc.a(lib_a-dtoa.o)
                              c:/program files (x86)/gnu tools arm embedded/5_4-2016q3/bin/../lib/gcc/arm-none-eabi/5.4.1/../../../../arm-none-eabi/lib/armv7e-m/fpu\libc.a(lib_a-svfprintf.o) (_dtoa_r)
c:/program files (x86)/gnu tools arm embedded/5_4-2016q3/bin/../lib/gcc/arm-none-eabi/5.4.1/../../../../arm-none-eabi/lib/armv7e-m/fpu\libc.a(lib_a-fini.o)
                              c:/program files (x86)/gnu tools arm embedded/5_4-2016q3/bin/../lib/gcc/arm-none-eabi/5.4.1/../../../../arm-none-eabi/lib/armv7e-m/fpu\libc.a(lib_a-__call_atexit.o) (__libc_fini_array)
c:/program files (x86)/gnu tools arm embedded/5_4-2016q3/bin/../lib/gcc/arm-none-eabi/5.4.1/../../../../arm-none-eabi/lib/armv7e-m/fpu\libc.a(lib_a-localeconv.o)
[...]
Memory Configuration

Name             Origin             Length             Attributes
rom              0x08000000         0x0003ffff         xr
ram              0x20000000         0x00007fff         xrw
*default*        0x00000000         0xffffffff

Linker script and memory map

LOAD c:/program files (x86)/gnu tools arm embedded/5_4-2016q3/bin/../lib/gcc/arm-none-eabi/5.4.1/armv7e-m/fpu/crti.o
LOAD c:/program files (x86)/gnu tools arm embedded/5_4-2016q3/bin/../lib/gcc/arm-none-eabi/5.4.1/armv7e-m/fpu/crtbegin.o
LOAD c:/program files (x86)/gnu tools arm embedded/5_4-2016q3/bin/../lib/gcc/arm-none-eabi/5.4.1/../../../../arm-none-eabi/lib/armv7e-m/fpu/crt0.o
                0x20007fff                _eram = 0x20007fff

.text           0x08000000     0x8d55
 *(.isr_vector)
 .isr_vector    0x08000000      0x188 ..\obj\startup_stm32f303xc.o
                0x08000000                g_pfnVectors
 *(.text*)
 .text          0x08000188       0x5c c:/program files (x86)/gnu tools arm embedded/5_4-2016q3/bin/../lib/gcc/arm-none-eabi/5.4.1/armv7e-m/fpu/crtbegin.o
 *fill*         0x080001e4        0x4 
 .text          0x080001e8      0xa54 ..\obj\jWrite.o
                0x080001e8                jwOpen
                0x0800025c                jwClose
                0x080002b8                jwEnd
                0x0800030c                jwErrorPos
                0x08000324                jwObj_raw
                0x08000348                jwObj_string
                0x0800036c                jwObj_int
                0x08000394                jwObj_double
                0x080003c0                jwObj_bool
                0x080003f0                jwObj_null
                0x0800040c                jwObj_object
                0x08000434                jwObj_array
                0x0800045c                jwArr_raw
                0x0800047c                jwArr_string
                0x0800049c                jwArr_int
                0x080004c0                jwArr_double
                0x080004e8                jwArr_bool
                0x08000514                jwArr_null
                0x08000528                jwArr_object
                0x08000548                jwArr_array
                0x08000568                jwErrorToString
                0x080005e4                jwPretty
                0x0800062c                jwPush
                0x0800068c                jwPop
                0x080006d8                jwPutch
                0x08000720                jwPutstr
                0x08000754                jwPutraw
                0x0800077c                _jwObj
                0x08000808                _jwArr
                0x080008ac                modp_itoa10
                0x08000928                modp_dtoa2
 .text.Reset_Handler
                0x08000c3c       0x50 ..\obj\startup_stm32f303xc.o
                0x08000c3c                Reset_Handler
 .text.Default_Handler
                0x08000c8c        0x2 ..\obj\startup_stm32f303xc.o
                0x08000c8c                RTC_Alarm_IRQHandler
                0x08000c8c                TIM8_TRG_COM_IRQHandler
                0x08000c8c                TIM8_CC_IRQHandler
                0x08000c8c                TIM1_CC_IRQHandler
                0x08000c8c                USB_HP_IRQHandler
                0x08000c8c                PVD_IRQHandler
                0x08000c8c                EXTI3_IRQHandler
                0x08000c8c                EXTI0_IRQHandler
                0x08000c8c                I2C2_EV_IRQHandler
                0x08000c8c                FPU_IRQHandler
                0x08000c8c                EXTI2_TS_IRQHandler
                0x08000c8c                TIM1_UP_TIM16_IRQHandler
                0x08000c8c                ADC1_2_IRQHandler
                0x08000c8c                SPI1_IRQHandler
                0x08000c8c                TIM6_DAC_IRQHandler
                0x08000c8c                TIM8_UP_IRQHandler
                0x08000c8c                DMA2_Channel2_IRQHandler
                0x08000c8c                DMA1_Channel4_IRQHandler
                0x08000c8c                USART3_IRQHandler
                0x08000c8c                DMA1_Channel7_IRQHandler
                0x08000c8c                CAN1_RX1_IRQHandler
                0x08000c8c                UART5_IRQHandler
                0x08000c8c                ADC3_IRQHandler
                0x08000c8c                TIM4_IRQHandler
                0x08000c8c                DMA2_Channel1_IRQHandler
                0x08000c8c                I2C1_EV_IRQHandler
                0x08000c8c                DMA1_Channel6_IRQHandler
                0x08000c8c                DMA2_Channel4_IRQHandler
                0x08000c8c                TIM3_IRQHandler
                0x08000c8c                RCC_IRQHandler
                0x08000c8c                DMA1_Channel1_IRQHandler
                0x08000c8c                Default_Handler
                0x08000c8c                USBWakeUp_RMP_IRQHandler
                0x08000c8c                EXTI15_10_IRQHandler
                0x08000c8c                TIM7_IRQHandler
                0x08000c8c                EXTI9_5_IRQHandler
                0x08000c8c                TAMPER_STAMP_IRQHandler
                0x08000c8c                RTC_WKUP_IRQHandler
                0x08000c8c                SPI2_IRQHandler
                0x08000c8c                DMA2_Channel5_IRQHandler
                0x08000c8c                DMA1_Channel5_IRQHandler
                0x08000c8c                USB_LP_IRQHandler
                0x08000c8c                EXTI4_IRQHandler
                0x08000c8c                TIM1_TRG_COM_TIM17_IRQHandler
                0x08000c8c                DMA1_Channel3_IRQHandler
                0x08000c8c                ADC4_IRQHandler
                0x08000c8c                WWDG_IRQHandler
                0x08000c8c                TIM2_IRQHandler
                0x08000c8c                COMP7_IRQHandler
                0x08000c8c                COMP1_2_3_IRQHandler
                0x08000c8c                EXTI1_IRQHandler
                0x08000c8c                USART2_IRQHandler
                0x08000c8c                COMP4_5_6_IRQHandler
                0x08000c8c                I2C2_ER_IRQHandler
                0x08000c8c                DMA1_Channel2_IRQHandler
                0x08000c8c                TIM8_BRK_IRQHandler
                0x08000c8c                CAN1_SCE_IRQHandler
                0x08000c8c                FLASH_IRQHandler
                0x08000c8c                USART1_IRQHandler
                0x08000c8c                SPI3_IRQHandler
                0x08000c8c                I2C1_ER_IRQHandler
                0x08000c8c                USBWakeUp_IRQHandler
                0x08000c8c                DMA2_Channel3_IRQHandler
                0x08000c8c                TIM1_BRK_TIM15_IRQHandler
 *fill*         0x08000c8e        0x2 
 .text          0x08000c90      0x198 ..\obj\stm32f30x_misc.o
                0x08000c90                NVIC_PriorityGroupConfig
                0x08000cb8                NVIC_Init
                0x08000d80                NVIC_SetVectorTable
                0x08000dac                NVIC_SystemLPConfig
                0x08000df0                SysTick_CLKSourceConfig
 .text          0x08000e28       0x70 ..\obj\stm32f30x_it.o
                0x08000e28                NMI_Handler
                0x08000e38                HardFault_Handler
                0x08000e40                MemManage_Handler
                0x08000e48                BusFault_Handler
                0x08000e50                UsageFault_Handler
                0x08000e58                SVC_Handler
                0x08000e68                DebugMon_Handler
                0x08000e78                PendSV_Handler
                0x08000e88                SysTick_Handler
 .text          0x08000e98      0xfac ..\obj\stm32f30x_can.o
                0x08000e98                CAN_DeInit
                0x08000ebc                CAN_Init
                0x08001060                CAN_FilterInit
                0x080011d8                CAN_StructInit
                0x08001230                CAN_SlaveStartBank
                0x08001290                CAN_DBGFreeze
                0x080012c8                CAN_TTComModeCmd
                0x08001360                CAN_Transmit
                0x080014f8                CAN_TransmitStatus
                0x080015cc                CAN_CancelTransmit
                0x08001620                CAN_Receive
                0x08001794                CAN_FIFORelease
                0x080017cc                CAN_MessagePending
                0x08001818                CAN_OperatingModeRequest
                0x08001914                CAN_Sleep
                0x08001950                CAN_WakeUp
                0x080019a8                CAN_GetLastErrorCode
                0x080019d0                CAN_GetReceiveErrorCounter
                0x080019f8                CAN_GetLSBTransmitErrorCounter
                0x08001a20                CAN_ITConfig
                0x08001a5c                CAN_GetFlagStatus
                0x08001b2c                CAN_ClearFlag
                0x08001ba0                CAN_GetITStatus
                0x08001d34                CAN_ClearITPendingBit
 .text          0x08001e44      0x250 ..\obj\system_stm32f30x.o
                0x08001e44                SystemInit
                0x08001ed8                SystemCoreClockUpdate
 .text          0x08002094      0x854 ..\obj\main.o
                0x08002094                _sbrk
                0x080020d4                link
                0x080020f0                _close
                0x08002108                _fstat
                0x08002128                _isatty
                0x08002140                _lseek
                0x0800215c                _read
                0x08002178                _write
                0x08002194                abort
                0x080021d0                UART_Init
                0x08002288                delay
                0x080022bc                delay1
                0x080022f0                CAN1_Init
                0x0800240c                main
                0x08002540                UART4_Send
                0x08002570                UART4_Send_String
                0x080025a8                UART4_IRQHandler
                0x0800260c                RX_getc
                0x08002670                clear_RXBuffer
                0x080026c0                uart_wite_for
                0x08002704                jWriteTest
                0x08002748                CAN1_TxDebugMessage
                0x080027e0                USB_HP_CAN1_TX_IRQHandler
                0x08002848                USB_LP_CAN1_RX0_IRQHandler
 .text          0x080028e8      0x494 ..\obj\stm32f30x_gpio.o
                0x080028e8                GPIO_DeInit
                0x08002a04                GPIO_Init
                0x08002b38                GPIO_StructInit
                0x08002b6c                GPIO_PinLockConfig
                0x08002bb0                GPIO_ReadInputDataBit
                0x08002be8                GPIO_ReadInputData
                0x08002c04                GPIO_ReadOutputDataBit
                0x08002c3c                GPIO_ReadOutputData
                0x08002c58                GPIO_SetBits
                0x08002c78                GPIO_ResetBits
                0x08002c98                GPIO_WriteBit
                0x08002cc8                GPIO_Write
                0x08002ce8                GPIO_PinAFConfig
 .text          0x08002d7c      0xecc ..\obj\stm32f30x_rcc.o
                0x08002d7c                RCC_DeInit
                0x08002df8                RCC_HSEConfig
                0x08002e20                RCC_WaitForHSEStartUp
                0x08002e70                RCC_AdjustHSICalibrationValue
                0x08002eac                RCC_HSICmd
                0x08002ecc                RCC_LSEConfig
                0x08002f08                RCC_LSEDriveConfig
                0x08002f38                RCC_LSICmd
                0x08002f58                RCC_PLLConfig
                0x08002f90                RCC_PLLCmd
                0x08002fb0                RCC_PREDIV1Config
                0x08002fe8                RCC_ClockSecuritySystemCmd
                0x08003008                RCC_MCOConfig
                0x08003048                RCC_SYSCLKConfig
                0x08003080                RCC_GetSYSCLKSource
                0x080030a0                RCC_HCLKConfig
                0x080030d8                RCC_PCLK1Config
                0x08003110                RCC_PCLK2Config
                0x0800314c                RCC_GetClocksFreq
                0x08003690                RCC_ADCCLKConfig
                0x080036e0                RCC_I2CCLKConfig
                0x08003748                RCC_TIMCLKConfig
                0x08003814                RCC_HRTIM1CLKConfig
                0x08003844                RCC_USARTCLKConfig
                0x080038dc                RCC_USBCLKConfig
                0x080038fc                RCC_RTCCLKConfig
                0x08003920                RCC_I2SCLKConfig
                0x08003940                RCC_RTCCLKCmd
                0x08003960                RCC_BackupResetCmd
                0x08003980                RCC_AHBPeriphClockCmd
                0x080039c0                RCC_APB2PeriphClockCmd
                0x08003a00                RCC_APB1PeriphClockCmd
                0x08003a40                RCC_AHBPeriphResetCmd
                0x08003a80                RCC_APB2PeriphResetCmd
                0x08003ac0                RCC_APB1PeriphResetCmd
                0x08003b00                RCC_ITConfig
                0x08003b4c                RCC_GetFlagStatus
                0x08003bd0                RCC_ClearFlag
                0x08003bf0                RCC_GetITStatus
                0x08003c28                RCC_ClearITPendingBit
 .text          0x08003c48      0x370 c:/program files (x86)/gnu tools arm embedded/5_4-2016q3/bin/../lib/gcc/arm-none-eabi/5.4.1/armv7e-m/fpu\libgcc.a(_arm_addsubdf3.o)
                0x08003c48                __aeabi_drsub
                0x08003c50                __aeabi_dsub
                0x08003c50                __subdf3
                0x08003c54                __aeabi_dadd
                0x08003c54                __adddf3
                0x08003ecc                __floatunsidf
                0x08003ecc                __aeabi_ui2d
                0x08003eec                __floatsidf
                0x08003eec                __aeabi_i2d
                0x08003f10                __aeabi_f2d
                0x08003f10                __extendsfdf2
                0x08003f4c                __floatundidf
                0x08003f4c                __aeabi_ul2d
                0x08003f5c                __floatdidf
                0x08003f5c                __aeabi_l2d
 .text          0x08003fb8      0x424 c:/program files (x86)/gnu tools arm embedded/5_4-2016q3/bin/../lib/gcc/arm-none-eabi/5.4.1/armv7e-m/fpu\libgcc.a(_arm_muldivdf3.o)
                0x08003fb8                __aeabi_dmul
                0x08003fb8                __muldf3
                0x0800420c                __divdf3
                0x0800420c                __aeabi_ddiv
 .text          0x080043dc      0x110 c:/program files (x86)/gnu tools arm embedded/5_4-2016q3/bin/../lib/gcc/arm-none-eabi/5.4.1/armv7e-m/fpu\libgcc.a(_arm_cmpdf2.o)
                0x080043dc                __gtdf2
                0x080043dc                __gedf2
                0x080043e4                __ltdf2
                0x080043e4                __ledf2
                0x080043ec                __nedf2
                0x080043ec                __eqdf2
                0x080043ec                __cmpdf2
                0x08004468                __aeabi_cdrcmple
                0x08004478                __aeabi_cdcmpeq
                0x08004478                __aeabi_cdcmple
                0x08004488                __aeabi_dcmpeq
                0x0800449c                __aeabi_dcmplt
                0x080044b0                __aeabi_dcmple
                0x080044c4                __aeabi_dcmpge
                0x080044d8                __aeabi_dcmpgt
 .text          0x080044ec       0x50 c:/program files (x86)/gnu tools arm embedded/5_4-2016q3/bin/../lib/gcc/arm-none-eabi/5.4.1/armv7e-m/fpu\libgcc.a(_arm_fixdfsi.o)
                0x080044ec                __aeabi_d2iz
                0x080044ec                __fixdfsi
 .text          0x0800453c       0x40 c:/program files (x86)/gnu tools arm embedded/5_4-2016q3/bin/../lib/gcc/arm-none-eabi/5.4.1/armv7e-m/fpu\libgcc.a(_arm_fixunsdfsi.o)
                0x0800453c                __aeabi_d2uiz
                0x0800453c                __fixunsdfsi
 .text.__libc_init_array
                0x0800457c       0x50 c:/program files (x86)/gnu tools arm embedded/5_4-2016q3/bin/../lib/gcc/arm-none-eabi/5.4.1/../../../../arm-none-eabi/lib/armv7e-m/fpu\libc.a(lib_a-init.o)
                0x0800457c                __libc_init_array
 .text.memset   0x080045cc       0x9c c:/program files (x86)/gnu tools arm embedded/5_4-2016q3/bin/../lib/gcc/arm-none-eabi/5.4.1/../../../../arm-none-eabi/lib/armv7e-m/fpu\libc.a(lib_a-memset.o)
                0x080045cc                memset
 .text.sprintf  0x08004668       0x4c c:/program files (x86)/gnu tools arm embedded/5_4-2016q3/bin/../lib/gcc/arm-none-eabi/5.4.1/../../../../arm-none-eabi/lib/armv7e-m/fpu\libc.a(lib_a-sprintf.o)
                0x08004668                sprintf
 .text.strspn   0x080046b4       0x34 c:/program files (x86)/gnu tools arm embedded/5_4-2016q3/bin/../lib/gcc/arm-none-eabi/5.4.1/../../../../arm-none-eabi/lib/armv7e-m/fpu\libc.a(lib_a-strspn.o)
                0x080046b4                strspn
 .text._svfprintf_r
                0x080046e8     0x16e4 c:/program files (x86)/gnu tools arm embedded/5_4-2016q3/bin/../lib/gcc/arm-none-eabi/5.4.1/../../../../arm-none-eabi/lib/armv7e-m/fpu\libc.a(lib_a-svfprintf.o)
                0x080046e8                _svfprintf_r
 .text.startup.register_fini
                0x08005dcc       0x14 c:/program files (x86)/gnu tools arm embedded/5_4-2016q3/bin/../lib/gcc/arm-none-eabi/5.4.1/../../../../arm-none-eabi/lib/armv7e-m/fpu\libc.a(lib_a-__call_atexit.o)
 .text.atexit   0x08005de0        0xc c:/program files (x86)/gnu tools arm embedded/5_4-2016q3/bin/../lib/gcc/arm-none-eabi/5.4.1/../../../../arm-none-eabi/lib/armv7e-m/fpu\libc.a(lib_a-atexit.o)
                0x08005de0                atexit
 .text.quorem   0x08005dec      0x128 c:/program files (x86)/gnu tools arm embedded/5_4-2016q3/bin/../lib/gcc/arm-none-eabi/5.4.1/../../../../arm-none-eabi/lib/armv7e-m/fpu\libc.a(lib_a-dtoa.o)
 *fill*         0x08005f14        0x4 
 .text._dtoa_r  0x08005f18      0xe34 c:/program files (x86)/gnu tools arm embedded/5_4-2016q3/bin/../lib/gcc/arm-none-eabi/5.4.1/../../../../arm-none-eabi/lib/armv7e-m/fpu\libc.a(lib_a-dtoa.o)
                0x08005f18                _dtoa_r
 .text.__libc_fini_array
                0x08006d4c       0x28 c:/program files (x86)/gnu tools arm embedded/5_4-2016q3/bin/../lib/gcc/arm-none-eabi/5.4.1/../../../../arm-none-eabi/lib/armv7e-m/fpu\libc.a(lib_a-fini.o)
                0x08006d4c                __libc_fini_array
 .text._localeconv_r
                0x08006d74       0x1c c:/program files (x86)/gnu tools arm embedded/5_4-2016q3/bin/../lib/gcc/arm-none-eabi/5.4.1/../../../../arm-none-eabi/lib/armv7e-m/fpu\libc.a(lib_a-localeconv.o)
                0x08006d74                _localeconv_r
 .text._malloc_r
                0x08006d90      0x570 c:/program files (x86)/gnu tools arm embedded/5_4-2016q3/bin/../lib/gcc/arm-none-eabi/5.4.1/../../../../arm-none-eabi/lib/armv7e-m/fpu\libc.a(lib_a-mallocr.o)
                0x08006d90                _malloc_r
 .text          0x08007300       0xa0 c:/program files (x86)/gnu tools arm embedded/5_4-2016q3/bin/../lib/gcc/arm-none-eabi/5.4.1/../../../../arm-none-eabi/lib/armv7e-m/fpu\libc.a(lib_a-memchr.o)
                0x08007300                memchr
 .text          0x080073a0      0x134 c:/program files (x86)/gnu tools arm embedded/5_4-2016q3/bin/../lib/gcc/arm-none-eabi/5.4.1/../../../../arm-none-eabi/lib/armv7e-m/fpu\libc.a(lib_a-memcpy.o)
                0x080073a0                memcpy
 .text.__malloc_lock
                0x080074d4        0x4 c:/program files (x86)/gnu tools arm embedded/5_4-2016q3/bin/../lib/gcc/arm-none-eabi/5.4.1/../../../../arm-none-eabi/lib/armv7e-m/fpu\libc.a(lib_a-mlock.o)
                0x080074d4                __malloc_lock
 .text.__malloc_unlock
                0x080074d8        0x4 c:/program files (x86)/gnu tools arm embedded/5_4-2016q3/bin/../lib/gcc/arm-none-eabi/5.4.1/../../../../arm-none-eabi/lib/armv7e-m/fpu\libc.a(lib_a-mlock.o)
                0x080074d8                __malloc_unlock
 .text._Balloc  0x080074dc       0x4c c:/program files (x86)/gnu tools arm embedded/5_4-2016q3/bin/../lib/gcc/arm-none-eabi/5.4.1/../../../../arm-none-eabi/lib/armv7e-m/fpu\libc.a(lib_a-mprec.o)
                0x080074dc                _Balloc
 .text._Bfree   0x08007528       0x14 c:/program files (x86)/gnu tools arm embedded/5_4-2016q3/bin/../lib/gcc/arm-none-eabi/5.4.1/../../../../arm-none-eabi/lib/armv7e-m/fpu\libc.a(lib_a-mprec.o)
                0x08007528                _Bfree
 .text.__multadd
                0x0800753c       0x80 c:/program files (x86)/gnu tools arm embedded/5_4-2016q3/bin/../lib/gcc/arm-none-eabi/5.4.1/../../../../arm-none-eabi/lib/armv7e-m/fpu\libc.a(lib_a-mprec.o)
                0x0800753c                __multadd
 .text.__hi0bits
                0x080075bc       0x40 c:/program files (x86)/gnu tools arm embedded/5_4-2016q3/bin/../lib/gcc/arm-none-eabi/5.4.1/../../../../arm-none-eabi/lib/armv7e-m/fpu\libc.a(lib_a-mprec.o)
                0x080075bc                __hi0bits
 .text.__lo0bits
                0x080075fc       0x5c c:/program files (x86)/gnu tools arm embedded/5_4-2016q3/bin/../lib/gcc/arm-none-eabi/5.4.1/../../../../arm-none-eabi/lib/armv7e-m/fpu\libc.a(lib_a-mprec.o)
                0x080075fc                __lo0bits
 .text.__i2b    0x08007658       0x14 c:/program files (x86)/gnu tools arm embedded/5_4-2016q3/bin/../lib/gcc/arm-none-eabi/5.4.1/../../../../arm-none-eabi/lib/armv7e-m/fpu\libc.a(lib_a-mprec.o)
                0x08007658                __i2b
 .text.__multiply
                0x0800766c      0x130 c:/program files (x86)/gnu tools arm embedded/5_4-2016q3/bin/../lib/gcc/arm-none-eabi/5.4.1/../../../../arm-none-eabi/lib/armv7e-m/fpu\libc.a(lib_a-mprec.o)
                0x0800766c                __multiply
 .text.__pow5mult
                0x0800779c       0xa0 c:/program files (x86)/gnu tools arm embedded/5_4-2016q3/bin/../lib/gcc/arm-none-eabi/5.4.1/../../../../arm-none-eabi/lib/armv7e-m/fpu\libc.a(lib_a-mprec.o)
                0x0800779c                __pow5mult
 .text.__lshift
                0x0800783c       0xb0 c:/program files (x86)/gnu tools arm embedded/5_4-2016q3/bin/../lib/gcc/arm-none-eabi/5.4.1/../../../../arm-none-eabi/lib/armv7e-m/fpu\libc.a(lib_a-mprec.o)
                0x0800783c                __lshift
 .text.__mcmp   0x080078ec       0x44 c:/program files (x86)/gnu tools arm embedded/5_4-2016q3/bin/../lib/gcc/arm-none-eabi/5.4.1/../../../../arm-none-eabi/lib/armv7e-m/fpu\libc.a(lib_a-mprec.o)
                0x080078ec                __mcmp
 .text.__mdiff  0x08007930      0x114 c:/program files (x86)/gnu tools arm embedded/5_4-2016q3/bin/../lib/gcc/arm-none-eabi/5.4.1/../../../../arm-none-eabi/lib/armv7e-m/fpu\libc.a(lib_a-mprec.o)
                0x08007930                __mdiff
 .text.__d2b    0x08007a44       0xbc c:/program files (x86)/gnu tools arm embedded/5_4-2016q3/bin/../lib/gcc/arm-none-eabi/5.4.1/../../../../arm-none-eabi/lib/armv7e-m/fpu\libc.a(lib_a-mprec.o)
                0x08007a44                __d2b
 .text._sbrk_r  0x08007b00       0x24 c:/program files (x86)/gnu tools arm embedded/5_4-2016q3/bin/../lib/gcc/arm-none-eabi/5.4.1/../../../../arm-none-eabi/lib/armv7e-m/fpu\libc.a(lib_a-sbrkr.o)
                0x08007b00                _sbrk_r
 *fill*         0x08007b24       0x1c 
 .text          0x08007b40       0xdc c:/program files (x86)/gnu tools arm embedded/5_4-2016q3/bin/../lib/gcc/arm-none-eabi/5.4.1/../../../../arm-none-eabi/lib/armv7e-m/fpu\libc.a(lib_a-strlen.o)
                0x08007b40                strlen
 .text.__ssprint_r
                0x08007c1c      0x100 c:/program files (x86)/gnu tools arm embedded/5_4-2016q3/bin/../lib/gcc/arm-none-eabi/5.4.1/../../../../arm-none-eabi/lib/armv7e-m/fpu\libc.a(lib_a-svfiprintf.o)
                0x08007c1c                __ssprint_r
 .text.__register_exitproc
                0x08007d1c       0xa4 c:/program files (x86)/gnu tools arm embedded/5_4-2016q3/bin/../lib/gcc/arm-none-eabi/5.4.1/../../../../arm-none-eabi/lib/armv7e-m/fpu\libc.a(lib_a-__atexit.o)
                0x08007d1c                __register_exitproc
 .text._calloc_r
                0x08007dc0       0x60 c:/program files (x86)/gnu tools arm embedded/5_4-2016q3/bin/../lib/gcc/arm-none-eabi/5.4.1/../../../../arm-none-eabi/lib/armv7e-m/fpu\libc.a(lib_a-callocr.o)
                0x08007dc0                _calloc_r
 .text._malloc_trim_r
                0x08007e20       0x9c c:/program files (x86)/gnu tools arm embedded/5_4-2016q3/bin/../lib/gcc/arm-none-eabi/5.4.1/../../../../arm-none-eabi/lib/armv7e-m/fpu\libc.a(lib_a-freer.o)
                0x08007e20                _malloc_trim_r
 .text._free_r  0x08007ebc      0x1d0 c:/program files (x86)/gnu tools arm embedded/5_4-2016q3/bin/../lib/gcc/arm-none-eabi/5.4.1/../../../../arm-none-eabi/lib/armv7e-m/fpu\libc.a(lib_a-freer.o)
                0x08007ebc                _free_r
 .text.__ascii_mbtowc
                0x0800808c       0x2c c:/program files (x86)/gnu tools arm embedded/5_4-2016q3/bin/../lib/gcc/arm-none-eabi/5.4.1/../../../../arm-none-eabi/lib/armv7e-m/fpu\libc.a(lib_a-mbtowc_r.o)
                0x0800808c                __ascii_mbtowc
 .text.memmove  0x080080b8       0xc8 c:/program files (x86)/gnu tools arm embedded/5_4-2016q3/bin/../lib/gcc/arm-none-eabi/5.4.1/../../../../arm-none-eabi/lib/armv7e-m/fpu\libc.a(lib_a-memmove.o)
                0x080080b8                memmove
 .text._realloc_r
                0x08008180      0x3e0 c:/program files (x86)/gnu tools arm embedded/5_4-2016q3/bin/../lib/gcc/arm-none-eabi/5.4.1/../../../../arm-none-eabi/lib/armv7e-m/fpu\libc.a(lib_a-reallocr.o)
                0x08008180                _realloc_r
 .text.__ascii_wctomb
                0x08008560       0x1c c:/program files (x86)/gnu tools arm embedded/5_4-2016q3/bin/../lib/gcc/arm-none-eabi/5.4.1/../../../../arm-none-eabi/lib/armv7e-m/fpu\libc.a(lib_a-wctomb_r.o)
                0x08008560                __ascii_wctomb
 .text          0x0800857c       0x2c c:/program files (x86)/gnu tools arm embedded/5_4-2016q3/bin/../lib/gcc/arm-none-eabi/5.4.1/armv7e-m/fpu\libgcc.a(_arm_unorddf2.o)
                0x0800857c                __unorddf2
                0x0800857c                __aeabi_dcmpun
 .text          0x080085a8       0x30 c:/program files (x86)/gnu tools arm embedded/5_4-2016q3/bin/../lib/gcc/arm-none-eabi/5.4.1/armv7e-m/fpu\libgcc.a(_aeabi_uldivmod.o)
                0x080085a8                __aeabi_uldivmod
 .text          0x080085d8      0x2e4 c:/program files (x86)/gnu tools arm embedded/5_4-2016q3/bin/../lib/gcc/arm-none-eabi/5.4.1/armv7e-m/fpu\libgcc.a(_udivmoddi4.o)
                0x080085d8                __udivmoddi4
 .text          0x080088bc        0x4 c:/program files (x86)/gnu tools arm embedded/5_4-2016q3/bin/../lib/gcc/arm-none-eabi/5.4.1/armv7e-m/fpu\libgcc.a(_dvmd_tls.o)
                0x080088bc                __aeabi_idiv0
                0x080088bc                __aeabi_ldiv0
 *(.init)
 .init          0x080088c0        0x4 c:/program files (x86)/gnu tools arm embedded/5_4-2016q3/bin/../lib/gcc/arm-none-eabi/5.4.1/armv7e-m/fpu/crti.o
                0x080088c0                _init
 .init          0x080088c4        0x8 c:/program files (x86)/gnu tools arm embedded/5_4-2016q3/bin/../lib/gcc/arm-none-eabi/5.4.1/armv7e-m/fpu/crtn.o
 *(.fini)
 .fini          0x080088cc        0x4 c:/program files (x86)/gnu tools arm embedded/5_4-2016q3/bin/../lib/gcc/arm-none-eabi/5.4.1/armv7e-m/fpu/crti.o
                0x080088cc                _fini
 .fini          0x080088d0        0x8 c:/program files (x86)/gnu tools arm embedded/5_4-2016q3/bin/../lib/gcc/arm-none-eabi/5.4.1/armv7e-m/fpu/crtn.o
 *crtbegin.o(.ctors)
 *crtbegin?.o(.ctors)
 *(EXCLUDE_FILE(*crtend.o *crtend?.o) .ctors)
 *(SORT(.ctors.*))
 *(.ctors)
 *crtbegin.o(.dtors)
 *crtbegin?.o(.dtors)
 *(EXCLUDE_FILE(*crtend.o *crtend?.o) .dtors)
 *(SORT(.dtors.*))
 *(.dtors)
 *(.rodata*)
 .rodata        0x080088d8      0x183 ..\obj\jWrite.o
 *fill*         0x08008a5b        0x1 
 .rodata        0x08008a5c       0x74 ..\obj\main.o
 .rodata._global_impure_ptr
                0x08008ad0        0x4 c:/program files (x86)/gnu tools arm embedded/5_4-2016q3/bin/../lib/gcc/arm-none-eabi/5.4.1/../../../../arm-none-eabi/lib/armv7e-m/fpu\libc.a(lib_a-impure.o)
                0x08008ad0                _global_impure_ptr
 .rodata.zeroes.7258
                0x08008ad4       0x10 c:/program files (x86)/gnu tools arm embedded/5_4-2016q3/bin/../lib/gcc/arm-none-eabi/5.4.1/../../../../arm-none-eabi/lib/armv7e-m/fpu\libc.a(lib_a-svfprintf.o)
 .rodata.str1.4
                0x08008ae4       0x42 c:/program files (x86)/gnu tools arm embedded/5_4-2016q3/bin/../lib/gcc/arm-none-eabi/5.4.1/../../../../arm-none-eabi/lib/armv7e-m/fpu\libc.a(lib_a-svfprintf.o)
 *fill*         0x08008b26        0x2 
 .rodata.blanks.7257
                0x08008b28       0x10 c:/program files (x86)/gnu tools arm embedded/5_4-2016q3/bin/../lib/gcc/arm-none-eabi/5.4.1/../../../../arm-none-eabi/lib/armv7e-m/fpu\libc.a(lib_a-svfprintf.o)
 .rodata.str1.4
                0x08008b38       0x10 c:/program files (x86)/gnu tools arm embedded/5_4-2016q3/bin/../lib/gcc/arm-none-eabi/5.4.1/../../../../arm-none-eabi/lib/armv7e-m/fpu\libc.a(lib_a-dtoa.o)
                                 0x12 (size before relaxing)
 .rodata.__mprec_tens
                0x08008b48       0xc8 c:/program files (x86)/gnu tools arm embedded/5_4-2016q3/bin/../lib/gcc/arm-none-eabi/5.4.1/../../../../arm-none-eabi/lib/armv7e-m/fpu\libc.a(lib_a-mprec.o)
                0x08008b48                __mprec_tens
 .rodata.__mprec_bigtens
                0x08008c10       0x28 c:/program files (x86)/gnu tools arm embedded/5_4-2016q3/bin/../lib/gcc/arm-none-eabi/5.4.1/../../../../arm-none-eabi/lib/armv7e-m/fpu\libc.a(lib_a-mprec.o)
                0x08008c10                __mprec_bigtens
 .rodata.p05.6087
                0x08008c38        0xc c:/program files (x86)/gnu tools arm embedded/5_4-2016q3/bin/../lib/gcc/arm-none-eabi/5.4.1/../../../../arm-none-eabi/lib/armv7e-m/fpu\libc.a(lib_a-mprec.o)
 .rodata.str1.4
                0x08008c44       0x10 c:/program files (x86)/gnu tools arm embedded/5_4-2016q3/bin/../lib/gcc/arm-none-eabi/5.4.1/../../../../arm-none-eabi/lib/armv7e-m/fpu\libc.a(lib_a-locale.o)
                                 0x12 (size before relaxing)
 .rodata._ctype_
                0x08008c54      0x101 c:/program files (x86)/gnu tools arm embedded/5_4-2016q3/bin/../lib/gcc/arm-none-eabi/5.4.1/../../../../arm-none-eabi/lib/armv7e-m/fpu\libc.a(lib_a-ctype_.o)
                0x08008c54                _ctype_
 *(.eh_fram e*)

.eh_frame       0x08008d58        0x0
 .eh_frame      0x08008d58        0x0 c:/program files (x86)/gnu tools arm embedded/5_4-2016q3/bin/../lib/gcc/arm-none-eabi/5.4.1/armv7e-m/fpu/crtbegin.o

.glue_7         0x08008d58        0x0
 .glue_7        0x08008d58        0x0 linker stubs

.glue_7t        0x08008d58        0x0
 .glue_7t       0x08008d58        0x0 linker stubs

.vfp11_veneer   0x08008d58        0x0
 .vfp11_veneer  0x08008d58        0x0 linker stubs

.v4_bx          0x08008d58        0x0
 .v4_bx         0x08008d58        0x0 linker stubs

.iplt           0x08008d58        0x0
 .iplt          0x08008d58        0x0 c:/program files (x86)/gnu tools arm embedded/5_4-2016q3/bin/../lib/gcc/arm-none-eabi/5.4.1/armv7e-m/fpu/crtbegin.o

.ARM.extab
 *(.ARM.extab* .gnu.linkonce.armextab.*)
                0x08008d58                __exidx_start = .

.ARM.exidx      0x08008d58        0x8
 *(.ARM.exidx* .gnu.linkonce.armexidx.*)
 .ARM.exidx     0x08008d58        0x8 c:/program files (x86)/gnu tools arm embedded/5_4-2016q3/bin/../lib/gcc/arm-none-eabi/5.4.1/armv7e-m/fpu\libgcc.a(_udivmoddi4.o)
                0x08008d60                __exidx_end = .
                0x08008d60                __etext = .
                0x08008d60                _sidata = __etext

.rel.dyn        0x08008d60        0x0
 .rel.iplt      0x08008d60        0x0 c:/program files (x86)/gnu tools arm embedded/5_4-2016q3/bin/../lib/gcc/arm-none-eabi/5.4.1/armv7e-m/fpu/crtbegin.o

.data           0x20000000      0xa00 load address 0x08008d60
                0x20000000                __data_start__ = .
                0x20000000                _sdata = __data_start__
 *(vtable)
 *(.data*)
 .data          0x20000000       0x14 ..\obj\system_stm32f30x.o
                0x20000000                SystemCoreClock
                0x20000004                AHBPrescTable
 .data          0x20000014       0x30 ..\obj\stm32f30x_rcc.o
 *fill*         0x20000044        0x4 
 .data.impure_data
                0x20000048      0x428 c:/program files (x86)/gnu tools arm embedded/5_4-2016q3/bin/../lib/gcc/arm-none-eabi/5.4.1/../../../../arm-none-eabi/lib/armv7e-m/fpu\libc.a(lib_a-impure.o)
 .data._impure_ptr
                0x20000470        0x4 c:/program files (x86)/gnu tools arm embedded/5_4-2016q3/bin/../lib/gcc/arm-none-eabi/5.4.1/../../../../arm-none-eabi/lib/armv7e-m/fpu\libc.a(lib_a-impure.o)
                0x20000470                _impure_ptr
 .data.__malloc_av_
                0x20000474      0x408 c:/program files (x86)/gnu tools arm embedded/5_4-2016q3/bin/../lib/gcc/arm-none-eabi/5.4.1/../../../../arm-none-eabi/lib/armv7e-m/fpu\libc.a(lib_a-mallocr.o)
                0x20000474                __malloc_av_
 .data.__malloc_trim_threshold
                0x2000087c        0x4 c:/program files (x86)/gnu tools arm embedded/5_4-2016q3/bin/../lib/gcc/arm-none-eabi/5.4.1/../../../../arm-none-eabi/lib/armv7e-m/fpu\libc.a(lib_a-mallocr.o)
                0x2000087c                __malloc_trim_threshold
 .data.__malloc_sbrk_base
                0x20000880        0x4 c:/program files (x86)/gnu tools arm embedded/5_4-2016q3/bin/../lib/gcc/arm-none-eabi/5.4.1/../../../../arm-none-eabi/lib/armv7e-m/fpu\libc.a(lib_a-mallocr.o)
                0x20000880                __malloc_sbrk_base
 .data.__global_locale
                0x20000884      0x16c c:/program files (x86)/gnu tools arm embedded/5_4-2016q3/bin/../lib/gcc/arm-none-eabi/5.4.1/../../../../arm-none-eabi/lib/armv7e-m/fpu\libc.a(lib_a-locale.o)
                0x20000884                __global_locale
                0x200009f0                . = ALIGN (0x4)
                0x200009f0                PROVIDE (__preinit_array_start, .)
 *(.preinit_array)
                0x200009f0                PROVIDE (__preinit_array_end, .)
                0x200009f0                . = ALIGN (0x4)
                0x200009f0                PROVIDE (__init_array_start, .)
 *(SORT(.init_array.*))
 .init_array.00000
                0x200009f0        0x4 c:/program files (x86)/gnu tools arm embedded/5_4-2016q3/bin/../lib/gcc/arm-none-eabi/5.4.1/../../../../arm-none-eabi/lib/armv7e-m/fpu\libc.a(lib_a-__call_atexit.o)
 *(.init_array)
 .init_array    0x200009f4        0x4 c:/program files (x86)/gnu tools arm embedded/5_4-2016q3/bin/../lib/gcc/arm-none-eabi/5.4.1/armv7e-m/fpu/crtbegin.o
                0x200009f8                PROVIDE (__init_array_end, .)
                0x200009f8                . = ALIGN (0x4)
                0x200009f8                PROVIDE (__fini_array_start, .)
 *(SORT(.fini_array.*))
 *(.fini_array)
 .fini_array    0x200009f8        0x4 c:/program files (x86)/gnu tools arm embedded/5_4-2016q3/bin/../lib/gcc/arm-none-eabi/5.4.1/armv7e-m/fpu/crtbegin.o
                0x200009fc                PROVIDE (__fini_array_end, .)
 *(.jcr*)
 .jcr           0x200009fc        0x0 c:/program files (x86)/gnu tools arm embedded/5_4-2016q3/bin/../lib/gcc/arm-none-eabi/5.4.1/armv7e-m/fpu/crtbegin.o
 .jcr           0x200009fc        0x4 c:/program files (x86)/gnu tools arm embedded/5_4-2016q3/bin/../lib/gcc/arm-none-eabi/5.4.1/armv7e-m/fpu/crtend.o
                0x20000a00                . = ALIGN (0x4)
                0x20000a00                __data_end__ = .
                0x20000a00                _edata = __data_end__

.igot.plt       0x20000a00        0x0 load address 0x08009760
 .igot.plt      0x20000a00        0x0 c:/program files (x86)/gnu tools arm embedded/5_4-2016q3/bin/../lib/gcc/arm-none-eabi/5.4.1/armv7e-m/fpu/crtbegin.o

.bss            0x20000a00      0x378 load address 0x08009760
                0x20000a00                . = ALIGN (0x4)
                0x20000a00                __bss_start__ = .
                0x20000a00                _sbss = __bss_start__
 *(.bss*)
 .bss           0x20000a00       0x1c c:/program files (x86)/gnu tools arm embedded/5_4-2016q3/bin/../lib/gcc/arm-none-eabi/5.4.1/armv7e-m/fpu/crtbegin.o
 .bss           0x20000a1c       0xc0 ..\obj\main.o
                0x20000a1c                Can1_Recv_Buf
                0x20000a26                transmit_mailbox
                0x20000a28                TxMessage
                0x20000a3c                RxMessage
                0x20000a50                KeyNumber
                0x20000ad4                ret
 .bss.__malloc_max_total_mem
                0x20000adc        0x4 c:/program files (x86)/gnu tools arm embedded/5_4-2016q3/bin/../lib/gcc/arm-none-eabi/5.4.1/../../../../arm-none-eabi/lib/armv7e-m/fpu\libc.a(lib_a-mallocr.o)
                0x20000adc                __malloc_max_total_mem
 .bss.__malloc_max_sbrked_mem
                0x20000ae0        0x4 c:/program files (x86)/gnu tools arm embedded/5_4-2016q3/bin/../lib/gcc/arm-none-eabi/5.4.1/../../../../arm-none-eabi/lib/armv7e-m/fpu\libc.a(lib_a-mallocr.o)
                0x20000ae0                __malloc_max_sbrked_mem
 .bss.__malloc_top_pad
                0x20000ae4        0x4 c:/program files (x86)/gnu tools arm embedded/5_4-2016q3/bin/../lib/gcc/arm-none-eabi/5.4.1/../../../../arm-none-eabi/lib/armv7e-m/fpu\libc.a(lib_a-mallocr.o)
                0x20000ae4                __malloc_top_pad
 .bss.__malloc_current_mallinfo
                0x20000ae8       0x28 c:/program files (x86)/gnu tools arm embedded/5_4-2016q3/bin/../lib/gcc/arm-none-eabi/5.4.1/../../../../arm-none-eabi/lib/armv7e-m/fpu\libc.a(lib_a-mallocr.o)
                0x20000ae8                __malloc_current_mallinfo
 *(COMMON)
 COMMON         0x20000b10      0x13c ..\obj\jWrite.o
                0x20000b10                g_jWriteControl
 COMMON         0x20000c4c      0x128 ..\obj\main.o
                0x20000c4c                type
                0x20000c4d                txStat
                0x20000c4e                TestRx
                0x20000c50                i
                0x20000c54                FLAG_REPLY
                0x20000c58                CAN_FilterInitStructure
                0x20000c68                Can1_Rx_Count
                0x20000c6c                buffer_wifi
                0x20000d6c                RXc
                0x20000d6d                RXi
                0x20000d70                len
 COMMON         0x20000d74        0x4 c:/program files (x86)/gnu tools arm embedded/5_4-2016q3/bin/../lib/gcc/arm-none-eabi/5.4.1/../../../../arm-none-eabi/lib/armv7e-m/fpu\libc.a(lib_a-reent.o)
                0x20000d74                errno
                0x20000d78                . = ALIGN (0x4)
                0x20000d78                __bss_end__ = .
                0x20000d78                _ebss = __bss_end__

.heap           0x20000d78        0x0
                0x20000d78                __end__ = .
                0x20000d78                _end = __end__
                0x20000d78                end = __end__
 *(.heap*)
                0x20000d78                __HeapLimit = .

.co_stack       0x20000d78        0x0
                0x20000d78                . = ALIGN (0x8)
 *(.co_stack .co_stack.*)
                0x20007fff                __StackTop = (ORIGIN (ram) + LENGTH (ram))
                0x20007fff                __StackLimit = (__StackTop - SIZEOF (.co_stack))
                0x20007fff                PROVIDE (__stack, __StackTop)
                0x00000001                ASSERT ((__StackLimit >= __HeapLimit), region ram  overflowed with stack)
LOAD ..\obj\jWrite.o
LOAD ..\obj\stm32f30x_usart.o
LOAD ..\obj\startup_stm32f303xc.o
LOAD ..\obj\stm32f30x_dma.o
LOAD ..\obj\stm32f30x_syscfg.o
LOAD ..\obj\stm32f30x_misc.o
LOAD ..\obj\stm32f30x_it.o
LOAD ..\obj\stm32f30x_opamp.o
LOAD ..\obj\stm32f30x_flash.o
LOAD ..\obj\stm32f30x_pwr.o
LOAD ..\obj\stm32f30x_dbgmcu.o
LOAD ..\obj\stm32f30x_can.o
LOAD ..\obj\stm32f30x_exti.o
LOAD ..\obj\system_stm32f30x.o
LOAD ..\obj\main.o
LOAD ..\obj\stm32f30x_tim.o
LOAD ..\obj\stm32f30x_fmc.o
LOAD ..\obj\stm32f30x_dac.o
LOAD ..\obj\stm32f30x_rtc.o
LOAD ..\obj\stm32f30x_gpio.o
LOAD ..\obj\stm32f30x_iwdg.o
LOAD ..\obj\stm32f30x_comp.o
LOAD ..\obj\stm32f30x_rcc.o
LOAD ..\obj\stm32f30x_wwdg.o
LOAD ..\obj\stm32f30x_crc.o
LOAD ..\obj\stm32f30x_adc.o
LOAD ..\obj\stm32f30x_hrtim.o
LOAD ..\obj\stm32f30x_spi.o
LOAD ..\obj\stm32f30x_i2c.o
LOAD c:/program files (x86)/gnu tools arm embedded/5_4-2016q3/bin/../lib/gcc/arm-none-eabi/5.4.1/../../../../arm-none-eabi/lib/armv7e-m/fpu\libm.a
LOAD c:/program files (x86)/gnu tools arm embedded/5_4-2016q3/bin/../lib/gcc/arm-none-eabi/5.4.1/armv7e-m/fpu\libgcc.a
LOAD c:/program files (x86)/gnu tools arm embedded/5_4-2016q3/bin/../lib/gcc/arm-none-eabi/5.4.1/../../../../arm-none-eabi/lib/armv7e-m/fpu\libc.a
START GROUP
LOAD c:/program files (x86)/gnu tools arm embedded/5_4-2016q3/bin/../lib/gcc/arm-none-eabi/5.4.1/armv7e-m/fpu\libgcc.a
LOAD c:/program files (x86)/gnu tools arm embedded/5_4-2016q3/bin/../lib/gcc/arm-none-eabi/5.4.1/../../../../arm-none-eabi/lib/armv7e-m/fpu\libg.a
LOAD c:/program files (x86)/gnu tools arm embedded/5_4-2016q3/bin/../lib/gcc/arm-none-eabi/5.4.1/../../../../arm-none-eabi/lib/armv7e-m/fpu\libc.a
END GROUP
LOAD c:/program files (x86)/gnu tools arm embedded/5_4-2016q3/bin/../lib/gcc/arm-none-eabi/5.4.1/armv7e-m/fpu/crtend.o
LOAD c:/program files (x86)/gnu tools arm embedded/5_4-2016q3/bin/../lib/gcc/arm-none-eabi/5.4.1/armv7e-m/fpu/crtn.o
OUTPUT(SmartHouse.elf elf32-littlearm)

.ARM.attributes
                0x00000000       0x30
 .ARM.attributes
                0x00000000       0x22 c:/program files (x86)/gnu tools arm embedded/5_4-2016q3/bin/../lib/gcc/arm-none-eabi/5.4.1/armv7e-m/fpu/crti.o
 .ARM.attributes
                0x00000022       0x34 c:/program files (x86)/gnu tools arm embedded/5_4-2016q3/bin/../lib/gcc/arm-none-eabi/5.4.1/armv7e-m/fpu/crtbegin.o
 .ARM.attributes
                0x00000056       0x39 ..\obj\jWrite.o
 .ARM.attributes
                0x0000008f       0x21 ..\obj\startup_stm32f303xc.o
 .ARM.attributes
                0x000000b0       0x39 ..\obj\stm32f30x_misc.o
 .ARM.attributes
                0x000000e9       0x39 ..\obj\stm32f30x_it.o
 .ARM.attributes
                0x00000122       0x39 ..\obj\stm32f30x_can.o
 .ARM.attributes
                0x0000015b       0x39 ..\obj\system_stm32f30x.o
 .ARM.attributes
                0x00000194       0x39 ..\obj\main.o
 .ARM.attributes
                0x000001cd       0x39 ..\obj\stm32f30x_gpio.o
 .ARM.attributes
                0x00000206       0x39 ..\obj\stm32f30x_rcc.o
 .ARM.attributes
                0x0000023f       0x22 c:/program files (x86)/gnu tools arm embedded/5_4-2016q3/bin/../lib/gcc/arm-none-eabi/5.4.1/armv7e-m/fpu\libgcc.a(_arm_addsubdf3.o)
 .ARM.attributes
                0x00000261       0x22 c:/program files (x86)/gnu tools arm embedded/5_4-2016q3/bin/../lib/gcc/arm-none-eabi/5.4.1/armv7e-m/fpu\libgcc.a(_arm_muldivdf3.o)
 .ARM.attributes
                0x00000283       0x22 c:/program files (x86)/gnu tools arm embedded/5_4-2016q3/bin/../lib/gcc/arm-none-eabi/5.4.1/armv7e-m/fpu\libgcc.a(_arm_cmpdf2.o)
 .ARM.attributes
                0x000002a5       0x22 c:/program files (x86)/gnu tools arm embedded/5_4-2016q3/bin/../lib/gcc/arm-none-eabi/5.4.1/armv7e-m/fpu\libgcc.a(_arm_fixdfsi.o)
 .ARM.attributes
                0x000002c7       0x22 c:/program files (x86)/gnu tools arm embedded/5_4-2016q3/bin/../lib/gcc/arm-none-eabi/5.4.1/armv7e-m/fpu\libgcc.a(_arm_fixunsdfsi.o)
 .ARM.attributes
                0x000002e9       0x34 c:/program files (x86)/gnu tools arm embedded/5_4-2016q3/bin/../lib/gcc/arm-none-eabi/5.4.1/../../../../arm-none-eabi/lib/armv7e-m/fpu\libc.a(lib_a-impure.o)
 .ARM.attributes
                0x0000031d       0x34 c:/program files (x86)/gnu tools arm embedded/5_4-2016q3/bin/../lib/gcc/arm-none-eabi/5.4.1/../../../../arm-none-eabi/lib/armv7e-m/fpu\libc.a(lib_a-init.o)
 .ARM.attributes
                0x00000351       0x34 c:/program files (x86)/gnu tools arm embedded/5_4-2016q3/bin/../lib/gcc/arm-none-eabi/5.4.1/../../../../arm-none-eabi/lib/armv7e-m/fpu\libc.a(lib_a-memset.o)
 .ARM.attributes
                0x00000385       0x34 c:/program files (x86)/gnu tools arm embedded/5_4-2016q3/bin/../lib/gcc/arm-none-eabi/5.4.1/../../../../arm-none-eabi/lib/armv7e-m/fpu\libc.a(lib_a-sprintf.o)
 .ARM.attributes
                0x000003b9       0x34 c:/program files (x86)/gnu tools arm embedded/5_4-2016q3/bin/../lib/gcc/arm-none-eabi/5.4.1/../../../../arm-none-eabi/lib/armv7e-m/fpu\libc.a(lib_a-strspn.o)
 .ARM.attributes
                0x000003ed       0x34 c:/program files (x86)/gnu tools arm embedded/5_4-2016q3/bin/../lib/gcc/arm-none-eabi/5.4.1/../../../../arm-none-eabi/lib/armv7e-m/fpu\libc.a(lib_a-svfprintf.o)
 .ARM.attributes
                0x00000421       0x34 c:/program files (x86)/gnu tools arm embedded/5_4-2016q3/bin/../lib/gcc/arm-none-eabi/5.4.1/../../../../arm-none-eabi/lib/armv7e-m/fpu\libc.a(lib_a-__call_atexit.o)
 .ARM.attributes
                0x00000455       0x34 c:/program files (x86)/gnu tools arm embedded/5_4-2016q3/bin/../lib/gcc/arm-none-eabi/5.4.1/../../../../arm-none-eabi/lib/armv7e-m/fpu\libc.a(lib_a-atexit.o)
 .ARM.attributes
                0x00000489       0x34 c:/program files (x86)/gnu tools arm embedded/5_4-2016q3/bin/../lib/gcc/arm-none-eabi/5.4.1/../../../../arm-none-eabi/lib/armv7e-m/fpu\libc.a(lib_a-dtoa.o)
 .ARM.attributes
                0x000004bd       0x34 c:/program files (x86)/gnu tools arm embedded/5_4-2016q3/bin/../lib/gcc/arm-none-eabi/5.4.1/../../../../arm-none-eabi/lib/armv7e-m/fpu\libc.a(lib_a-fini.o)
 .ARM.attributes
                0x000004f1       0x34 c:/program files (x86)/gnu tools arm embedded/5_4-2016q3/bin/../lib/gcc/arm-none-eabi/5.4.1/../../../../arm-none-eabi/lib/armv7e-m/fpu\libc.a(lib_a-localeconv.o)
 .ARM.attributes
                0x00000525       0x34 c:/program files (x86)/gnu tools arm embedded/5_4-2016q3/bin/../lib/gcc/arm-none-eabi/5.4.1/../../../../arm-none-eabi/lib/armv7e-m/fpu\libc.a(lib_a-mallocr.o)
 .ARM.attributes
                0x00000559       0x20 c:/program files (x86)/gnu tools arm embedded/5_4-2016q3/bin/../lib/gcc/arm-none-eabi/5.4.1/../../../../arm-none-eabi/lib/armv7e-m/fpu\libc.a(lib_a-memchr.o)
 .ARM.attributes
                0x00000579       0x20 c:/program files (x86)/gnu tools arm embedded/5_4-2016q3/bin/../lib/gcc/arm-none-eabi/5.4.1/../../../../arm-none-eabi/lib/armv7e-m/fpu\libc.a(lib_a-memcpy.o)
 .ARM.attributes
                0x00000599       0x34 c:/program files (x86)/gnu tools arm embedded/5_4-2016q3/bin/../lib/gcc/arm-none-eabi/5.4.1/../../../../arm-none-eabi/lib/armv7e-m/fpu\libc.a(lib_a-mlock.o)
 .ARM.attributes
                0x000005cd       0x34 c:/program files (x86)/gnu tools arm embedded/5_4-2016q3/bin/../lib/gcc/arm-none-eabi/5.4.1/../../../../arm-none-eabi/lib/armv7e-m/fpu\libc.a(lib_a-mprec.o)
 .ARM.attributes
                0x00000601       0x34 c:/program files (x86)/gnu tools arm embedded/5_4-2016q3/bin/../lib/gcc/arm-none-eabi/5.4.1/../../../../arm-none-eabi/lib/armv7e-m/fpu\libc.a(lib_a-sbrkr.o)
 .ARM.attributes
                0x00000635       0x20 c:/program files (x86)/gnu tools arm embedded/5_4-2016q3/bin/../lib/gcc/arm-none-eabi/5.4.1/../../../../arm-none-eabi/lib/armv7e-m/fpu\libc.a(lib_a-strlen.o)
 .ARM.attributes
                0x00000655       0x34 c:/program files (x86)/gnu tools arm embedded/5_4-2016q3/bin/../lib/gcc/arm-none-eabi/5.4.1/../../../../arm-none-eabi/lib/armv7e-m/fpu\libc.a(lib_a-svfiprintf.o)
 .ARM.attributes
                0x00000689       0x34 c:/program files (x86)/gnu tools arm embedded/5_4-2016q3/bin/../lib/gcc/arm-none-eabi/5.4.1/../../../../arm-none-eabi/lib/armv7e-m/fpu\libc.a(lib_a-__atexit.o)
 .ARM.attributes
                0x000006bd       0x34 c:/program files (x86)/gnu tools arm embedded/5_4-2016q3/bin/../lib/gcc/arm-none-eabi/5.4.1/../../../../arm-none-eabi/lib/armv7e-m/fpu\libc.a(lib_a-callocr.o)
 .ARM.attributes
                0x000006f1       0x34 c:/program files (x86)/gnu tools arm embedded/5_4-2016q3/bin/../lib/gcc/arm-none-eabi/5.4.1/../../../../arm-none-eabi/lib/armv7e-m/fpu\libc.a(lib_a-freer.o)
 .ARM.attributes
                0x00000725       0x34 c:/program files (x86)/gnu tools arm embedded/5_4-2016q3/bin/../lib/gcc/arm-none-eabi/5.4.1/../../../../arm-none-eabi/lib/armv7e-m/fpu\libc.a(lib_a-locale.o)
 .ARM.attributes
                0x00000759       0x34 c:/program files (x86)/gnu tools arm embedded/5_4-2016q3/bin/../lib/gcc/arm-none-eabi/5.4.1/../../../../arm-none-eabi/lib/armv7e-m/fpu\libc.a(lib_a-mbtowc_r.o)
 .ARM.attributes
                0x0000078d       0x34 c:/program files (x86)/gnu tools arm embedded/5_4-2016q3/bin/../lib/gcc/arm-none-eabi/5.4.1/../../../../arm-none-eabi/lib/armv7e-m/fpu\libc.a(lib_a-memmove.o)
 .ARM.attributes
                0x000007c1       0x34 c:/program files (x86)/gnu tools arm embedded/5_4-2016q3/bin/../lib/gcc/arm-none-eabi/5.4.1/../../../../arm-none-eabi/lib/armv7e-m/fpu\libc.a(lib_a-reallocr.o)
 .ARM.attributes
                0x000007f5       0x34 c:/program files (x86)/gnu tools arm embedded/5_4-2016q3/bin/../lib/gcc/arm-none-eabi/5.4.1/../../../../arm-none-eabi/lib/armv7e-m/fpu\libc.a(lib_a-reent.o)
 .ARM.attributes
                0x00000829       0x34 c:/program files (x86)/gnu tools arm embedded/5_4-2016q3/bin/../lib/gcc/arm-none-eabi/5.4.1/../../../../arm-none-eabi/lib/armv7e-m/fpu\libc.a(lib_a-wctomb_r.o)
 .ARM.attributes
                0x0000085d       0x34 c:/program files (x86)/gnu tools arm embedded/5_4-2016q3/bin/../lib/gcc/arm-none-eabi/5.4.1/../../../../arm-none-eabi/lib/armv7e-m/fpu\libc.a(lib_a-ctype_.o)
 .ARM.attributes
                0x00000891       0x22 c:/program files (x86)/gnu tools arm embedded/5_4-2016q3/bin/../lib/gcc/arm-none-eabi/5.4.1/armv7e-m/fpu\libgcc.a(_arm_unorddf2.o)
 .ARM.attributes
                0x000008b3       0x22 c:/program files (x86)/gnu tools arm embedded/5_4-2016q3/bin/../lib/gcc/arm-none-eabi/5.4.1/armv7e-m/fpu\libgcc.a(_aeabi_uldivmod.o)
 .ARM.attributes
                0x000008d5       0x34 c:/program files (x86)/gnu tools arm embedded/5_4-2016q3/bin/../lib/gcc/arm-none-eabi/5.4.1/armv7e-m/fpu\libgcc.a(_udivmoddi4.o)
 .ARM.attributes
                0x00000909       0x22 c:/program files (x86)/gnu tools arm embedded/5_4-2016q3/bin/../lib/gcc/arm-none-eabi/5.4.1/armv7e-m/fpu\libgcc.a(_dvmd_tls.o)
 .ARM.attributes
                0x0000092b       0x34 c:/program files (x86)/gnu tools arm embedded/5_4-2016q3/bin/../lib/gcc/arm-none-eabi/5.4.1/armv7e-m/fpu/crtend.o
 .ARM.attributes
                0x0000095f       0x22 c:/program files (x86)/gnu tools arm embedded/5_4-2016q3/bin/../lib/gcc/arm-none-eabi/5.4.1/armv7e-m/fpu/crtn.o

.comment        0x00000000       0x6e
 .comment       0x00000000       0x6e ..\obj\jWrite.o
                                 0x6f (size before relaxing)
 .comment       0x0000006e       0x6f ..\obj\stm32f30x_misc.o
 .comment       0x0000006e       0x6f ..\obj\stm32f30x_it.o
 .comment       0x0000006e       0x6f ..\obj\stm32f30x_can.o
 .comment       0x0000006e       0x6f ..\obj\system_stm32f30x.o
 .comment       0x0000006e       0x6f ..\obj\main.o
 .comment       0x0000006e       0x6f ..\obj\stm32f30x_gpio.o
 .comment       0x0000006e       0x6f ..\obj\stm32f30x_rcc.o

.debug_info     0x00000000     0x44ea
 .debug_info    0x00000000      0x79b ..\obj\jWrite.o
 .debug_info    0x0000079b       0x81 ..\obj\startup_stm32f303xc.o
 .debug_info    0x0000081c      0x556 ..\obj\stm32f30x_misc.o
 .debug_info    0x00000d72      0x12f ..\obj\stm32f30x_it.o
 .debug_info    0x00000ea1      0xba4 ..\obj\stm32f30x_can.o
 .debug_info    0x00001a45      0x4bb ..\obj\system_stm32f30x.o
 .debug_info    0x00001f00     0x1465 ..\obj\main.o
 .debug_info    0x00003365      0x624 ..\obj\stm32f30x_gpio.o
 .debug_info    0x00003989      0xb61 ..\obj\stm32f30x_rcc.o

.debug_abbrev   0x00000000      0xe3d
 .debug_abbrev  0x00000000      0x262 ..\obj\jWrite.o
 .debug_abbrev  0x00000262       0x12 ..\obj\startup_stm32f303xc.o
 .debug_abbrev  0x00000274      0x147 ..\obj\stm32f30x_misc.o
 .debug_abbrev  0x000003bb       0x65 ..\obj\stm32f30x_it.o
 .debug_abbrev  0x00000420      0x1f5 ..\obj\stm32f30x_can.o
 .debug_abbrev  0x00000615      0x147 ..\obj\system_stm32f30x.o
 .debug_abbrev  0x0000075c      0x355 ..\obj\main.o
 .debug_abbrev  0x00000ab1      0x1a7 ..\obj\stm32f30x_gpio.o
 .debug_abbrev  0x00000c58      0x1e5 ..\obj\stm32f30x_rcc.o

.debug_aranges  0x00000000      0x128
 .debug_aranges
                0x00000000       0x20 ..\obj\jWrite.o
 .debug_aranges
                0x00000020       0x28 ..\obj\startup_stm32f303xc.o
 .debug_aranges
                0x00000048       0x20 ..\obj\stm32f30x_misc.o
 .debug_aranges
                0x00000068       0x20 ..\obj\stm32f30x_it.o
 .debug_aranges
                0x00000088       0x20 ..\obj\stm32f30x_can.o
 .debug_aranges
                0x000000a8       0x20 ..\obj\system_stm32f30x.o
 .debug_aranges
                0x000000c8       0x20 ..\obj\main.o
 .debug_aranges
                0x000000e8       0x20 ..\obj\stm32f30x_gpio.o
 .debug_aranges
                0x00000108       0x20 ..\obj\stm32f30x_rcc.o

.debug_line     0x00000000     0x1700
 .debug_line    0x00000000      0x2eb ..\obj\jWrite.o
 .debug_line    0x000002eb       0x91 ..\obj\startup_stm32f303xc.o
 .debug_line    0x0000037c      0x1f1 ..\obj\stm32f30x_misc.o
 .debug_line    0x0000056d      0x178 ..\obj\stm32f30x_it.o
 .debug_line    0x000006e5      0x3f4 ..\obj\stm32f30x_can.o
 .debug_line    0x00000ad9      0x1c7 ..\obj\system_stm32f30x.o
 .debug_line    0x00000ca0      0x3f6 ..\obj\main.o
 .debug_line    0x00001096      0x27d ..\obj\stm32f30x_gpio.o
 .debug_line    0x00001313      0x3ed ..\obj\stm32f30x_rcc.o

.debug_str      0x00000000     0x1dfc
 .debug_str     0x00000000      0x39e ..\obj\jWrite.o
                                0x403 (size before relaxing)
 .debug_str     0x0000039e      0x29c ..\obj\stm32f30x_misc.o
                                0x3e3 (size before relaxing)
 .debug_str     0x0000063a       0xb8 ..\obj\stm32f30x_it.o
                                0x1f0 (size before relaxing)
 .debug_str     0x000006f2      0x542 ..\obj\stm32f30x_can.o
                                0x749 (size before relaxing)
 .debug_str     0x00000c34      0x11f ..\obj\system_stm32f30x.o
                                0x308 (size before relaxing)
 .debug_str     0x00000d53      0x8d8 ..\obj\main.o
                                0xe91 (size before relaxing)
 .debug_str     0x0000162b      0x195 ..\obj\stm32f30x_gpio.o
                                0x4bb (size before relaxing)
 .debug_str     0x000017c0      0x63c ..\obj\stm32f30x_rcc.o
                                0x8c0 (size before relaxing)

.debug_frame    0x00000000     0x203c
 .debug_frame   0x00000000      0x490 ..\obj\jWrite.o
 .debug_frame   0x00000490       0xd8 ..\obj\stm32f30x_misc.o
 .debug_frame   0x00000568      0x110 ..\obj\stm32f30x_it.o
 .debug_frame   0x00000678      0x3f0 ..\obj\stm32f30x_can.o
 .debug_frame   0x00000a68       0x7c ..\obj\system_stm32f30x.o
 .debug_frame   0x00000ae4      0x394 ..\obj\main.o
 .debug_frame   0x00000e78      0x214 ..\obj\stm32f30x_gpio.o
 .debug_frame   0x0000108c      0x634 ..\obj\stm32f30x_rcc.o
 .debug_frame   0x000016c0       0x2c c:/program files (x86)/gnu tools arm embedded/5_4-2016q3/bin/../lib/gcc/arm-none-eabi/5.4.1/../../../../arm-none-eabi/lib/armv7e-m/fpu\libc.a(lib_a-init.o)
 .debug_frame   0x000016ec       0x34 c:/program files (x86)/gnu tools arm embedded/5_4-2016q3/bin/../lib/gcc/arm-none-eabi/5.4.1/../../../../arm-none-eabi/lib/armv7e-m/fpu\libc.a(lib_a-memset.o)
 .debug_frame   0x00001720       0x84 c:/program files (x86)/gnu tools arm embedded/5_4-2016q3/bin/../lib/gcc/arm-none-eabi/5.4.1/../../../../arm-none-eabi/lib/armv7e-m/fpu\libc.a(lib_a-sprintf.o)
 .debug_frame   0x000017a4       0x34 c:/program files (x86)/gnu tools arm embedded/5_4-2016q3/bin/../lib/gcc/arm-none-eabi/5.4.1/../../../../arm-none-eabi/lib/armv7e-m/fpu\libc.a(lib_a-strspn.o)
 .debug_frame   0x000017d8       0x44 c:/program files (x86)/gnu tools arm embedded/5_4-2016q3/bin/../lib/gcc/arm-none-eabi/5.4.1/../../../../arm-none-eabi/lib/armv7e-m/fpu\libc.a(lib_a-svfprintf.o)
 .debug_frame   0x0000181c       0x50 c:/program files (x86)/gnu tools arm embedded/5_4-2016q3/bin/../lib/gcc/arm-none-eabi/5.4.1/../../../../arm-none-eabi/lib/armv7e-m/fpu\libc.a(lib_a-__call_atexit.o)
 .debug_frame   0x0000186c       0x20 c:/program files (x86)/gnu tools arm embedded/5_4-2016q3/bin/../lib/gcc/arm-none-eabi/5.4.1/../../../../arm-none-eabi/lib/armv7e-m/fpu\libc.a(lib_a-atexit.o)
 .debug_frame   0x0000188c       0x88 c:/program files (x86)/gnu tools arm embedded/5_4-2016q3/bin/../lib/gcc/arm-none-eabi/5.4.1/../../../../arm-none-eabi/lib/armv7e-m/fpu\libc.a(lib_a-dtoa.o)
 .debug_frame   0x00001914       0x34 c:/program files (x86)/gnu tools arm embedded/5_4-2016q3/bin/../lib/gcc/arm-none-eabi/5.4.1/../../../../arm-none-eabi/lib/armv7e-m/fpu\libc.a(lib_a-fini.o)
 .debug_frame   0x00001948       0x40 c:/program files (x86)/gnu tools arm embedded/5_4-2016q3/bin/../lib/gcc/arm-none-eabi/5.4.1/../../../../arm-none-eabi/lib/armv7e-m/fpu\libc.a(lib_a-localeconv.o)
 .debug_frame   0x00001988       0x58 c:/program files (x86)/gnu tools arm embedded/5_4-2016q3/bin/../lib/gcc/arm-none-eabi/5.4.1/../../../../arm-none-eabi/lib/armv7e-m/fpu\libc.a(lib_a-mallocr.o)
 .debug_frame   0x000019e0       0x30 c:/program files (x86)/gnu tools arm embedded/5_4-2016q3/bin/../lib/gcc/arm-none-eabi/5.4.1/../../../../arm-none-eabi/lib/armv7e-m/fpu\libc.a(lib_a-mlock.o)
 .debug_frame   0x00001a10      0x264 c:/program files (x86)/gnu tools arm embedded/5_4-2016q3/bin/../lib/gcc/arm-none-eabi/5.4.1/../../../../arm-none-eabi/lib/armv7e-m/fpu\libc.a(lib_a-mprec.o)
 .debug_frame   0x00001c74       0x2c c:/program files (x86)/gnu tools arm embedded/5_4-2016q3/bin/../lib/gcc/arm-none-eabi/5.4.1/../../../../arm-none-eabi/lib/armv7e-m/fpu\libc.a(lib_a-sbrkr.o)
 .debug_frame   0x00001ca0       0x78 c:/program files (x86)/gnu tools arm embedded/5_4-2016q3/bin/../lib/gcc/arm-none-eabi/5.4.1/../../../../arm-none-eabi/lib/armv7e-m/fpu\libc.a(lib_a-svfiprintf.o)
 .debug_frame   0x00001d18       0x34 c:/program files (x86)/gnu tools arm embedded/5_4-2016q3/bin/../lib/gcc/arm-none-eabi/5.4.1/../../../../arm-none-eabi/lib/armv7e-m/fpu\libc.a(lib_a-__atexit.o)
 .debug_frame   0x00001d4c       0x28 c:/program files (x86)/gnu tools arm embedded/5_4-2016q3/bin/../lib/gcc/arm-none-eabi/5.4.1/../../../../arm-none-eabi/lib/armv7e-m/fpu\libc.a(lib_a-callocr.o)
 .debug_frame   0x00001d74       0x74 c:/program files (x86)/gnu tools arm embedded/5_4-2016q3/bin/../lib/gcc/arm-none-eabi/5.4.1/../../../../arm-none-eabi/lib/armv7e-m/fpu\libc.a(lib_a-freer.o)
 .debug_frame   0x00001de8       0x84 c:/program files (x86)/gnu tools arm embedded/5_4-2016q3/bin/../lib/gcc/arm-none-eabi/5.4.1/../../../../arm-none-eabi/lib/armv7e-m/fpu\libc.a(lib_a-locale.o)
 .debug_frame   0x00001e6c       0x4c c:/program files (x86)/gnu tools arm embedded/5_4-2016q3/bin/../lib/gcc/arm-none-eabi/5.4.1/../../../../arm-none-eabi/lib/armv7e-m/fpu\libc.a(lib_a-mbtowc_r.o)
 .debug_frame   0x00001eb8       0x30 c:/program files (x86)/gnu tools arm embedded/5_4-2016q3/bin/../lib/gcc/arm-none-eabi/5.4.1/../../../../arm-none-eabi/lib/armv7e-m/fpu\libc.a(lib_a-memmove.o)
 .debug_frame   0x00001ee8       0x60 c:/program files (x86)/gnu tools arm embedded/5_4-2016q3/bin/../lib/gcc/arm-none-eabi/5.4.1/../../../../arm-none-eabi/lib/armv7e-m/fpu\libc.a(lib_a-reallocr.o)
 .debug_frame   0x00001f48       0x58 c:/program files (x86)/gnu tools arm embedded/5_4-2016q3/bin/../lib/gcc/arm-none-eabi/5.4.1/../../../../arm-none-eabi/lib/armv7e-m/fpu\libc.a(lib_a-reent.o)
 .debug_frame   0x00001fa0       0x3c c:/program files (x86)/gnu tools arm embedded/5_4-2016q3/bin/../lib/gcc/arm-none-eabi/5.4.1/../../../../arm-none-eabi/lib/armv7e-m/fpu\libc.a(lib_a-wctomb_r.o)
 .debug_frame   0x00001fdc       0x2c c:/program files (x86)/gnu tools arm embedded/5_4-2016q3/bin/../lib/gcc/arm-none-eabi/5.4.1/armv7e-m/fpu\libgcc.a(_aeabi_uldivmod.o)
 .debug_frame   0x00002008       0x34 c:/program files (x86)/gnu tools arm embedded/5_4-2016q3/bin/../lib/gcc/arm-none-eabi/5.4.1/armv7e-m/fpu\libgcc.a(_udivmoddi4.o)

.debug_ranges   0x00000000       0x20
 .debug_ranges  0x00000000       0x20 ..\obj\startup_stm32f303xc.o
